
if ("model_type" not in modelInfo):

v0.1.3没有

---ae46cdf5d534572ac98aae28e99a4163f6b45f7e  添加 ae46cdf5 huangyuyang <huang.yuyang@think-force.com> on 7/12/2023 at 1:27 PM



https://zhuanlan.zhihu.com/p/651923791
[fastllm]cuda-kernels源码解析

https://zhuanlan.zhihu.com/p/651016911
[fastllm]fastllm源码结构解析

https://zhuanlan.zhihu.com/p/652506789
多线程下动态组batch实现解析


https://blog.csdn.net/sinat_37574187/article/details/132207393
fastllm 大模型cuda推理加速 源码解析 之 CMakelist.txt


https://cloud.tencent.com/developer/article/2315021
大模型部署框架 FastLLM 实现细节解析  BBuf

https://cloud.tencent.com/developer/article/2315006
大模型部署框架 FastLLM 简要解析  BBuf



version:
commit 129f60cdbd5ce7ec0ff20eab5abc79bed8fbe0c5
Author: wildkid1024 <wildkid1024@163.com>
Date:   Sat Jul 8 20:00:58 2023 +0800

    更新到版本v0.1.3


PS C:\yk_repo\fastllm\fastllm - 副本> git checkout -b v0.1.3 129f60cdbd5ce7ec0ff20eab5abc79bed8fbe0c5
Switched to a new branch 'v0.1.3'
A       yknote.txt
PS C:\yk_repo\fastllm\fastllm - 副本> git branch
  master
* v0.1.3
PS C:\yk_repo\fastllm\fastllm - 副本>

PS C:\yk_repo\fastllm\fastllm - 副本 - 副本> git checkout -b c230726-672c 8cc453a32f9881737eed5a51e1cc1d69a36b672c